// Jest Snapshot v1, https://goo.gl/fbAQLP

exports[`should render Tasklist component correctly 1`] = `
<Component
  style={Object {}}
>
  <FlatList
    disableVirtualization={false}
    horizontal={false}
    initialNumToRender={10}
    keyExtractor={[Function]}
    maxToRenderPerBatch={10}
    numColumns={1}
    onEndReachedThreshold={2}
    renderItem={[Function]}
    scrollEnabled={true}
    scrollEventThrottle={50}
    updateCellsBatchingPeriod={50}
    windowSize={21}
  />
</Component>
`;
